{"timestamp":"2026-09-21T14:24:25.715511Z","level":"info","event":"::group::Pre Execute","logger":"task","filename":"task_runner.py","lineno":2412}
{"timestamp":"2026-09-21T14:24:33.681457Z","level":"info","event":"DAG bundles loaded: dags-folder","try_number":1,"ti_id":"01a0c45a-8d50-7059-8ae7-6d13a127e3b0","map_index":-1,"task_id":"ingest_csv","run_id":"manual__2026-09-21T14:24:23.810035+00:00","dag_id":"retail_sales_pipeline","logger":"airflow.dag_processing.bundles.manager.DagBundlesManager","filename":"manager.py","lineno":304}
{"timestamp":"2026-09-21T14:24:33.685162Z","level":"info","event":"Filling up the DagBag from /opt/airflow/dags/retail_sales_pipeline.py","try_number":1,"ti_id":"01a0c45a-8d50-7059-8ae7-6d13a127e3b0","map_index":-1,"task_id":"ingest_csv","run_id":"manual__2026-09-21T14:24:23.810035+00:00","dag_id":"retail_sales_pipeline","logger":"airflow.dag_processing.dagbag.BundleDagBag","filename":"dagbag.py","lineno":460}
{"timestamp":"2026-09-21T14:24:33.906689Z","level":"info","event":"Worker startup parse complete","bundle_name":"dags-folder","bundle_version":null,"dag_file":"retail_sales_pipeline.py","dag_id":"retail_sales_pipeline","bundle_prepare_ms":11,"dag_file_parse_ms":221,"try_number":1,"ti_id":"01a0c45a-8d50-7059-8ae7-6d13a127e3b0","map_index":-1,"task_id":"ingest_csv","run_id":"manual__2026-09-21T14:24:23.810035+00:00","logger":"task","filename":"task_runner.py","lineno":1073}
{"timestamp":"2026-09-21T14:24:34.005790Z","level":"info","event":"::endgroup::","try_number":1,"ti_id":"01a0c45a-8d50-7059-8ae7-6d13a127e3b0","map_index":-1,"task_id":"ingest_csv","run_id":"manual__2026-09-21T14:24:23.810035+00:00","dag_id":"retail_sales_pipeline","logger":"task","filename":"task_runner.py","lineno":2232}
{"timestamp":"2026-09-21T14:24:38.354572Z","level":"error","event":"2026-09-21 14:24:38,352 INFO ingestion Starting ingestion from /opt/airflow/project/data/raw","logger":"task.stderr"}
{"timestamp":"2026-09-21T14:24:40.638329Z","level":"error","event":"2026-09-21 14:24:40,637 INFO ingestion Loaded sales: rows=641843 columns=9","logger":"task.stderr"}
{"timestamp":"2026-09-21T14:24:41.001459Z","level":"error","event":"2026-09-21 14:24:41,001 INFO ingestion.validator Validation passed for sales: rows=641843 duplicates=45","logger":"task.stderr"}
{"timestamp":"2026-09-21T14:24:41.044851Z","level":"error","event":"2026-09-21 14:24:41,043 INFO ingestion Loaded customers: rows=5000 columns=7","logger":"task.stderr"}
{"timestamp":"2026-09-21T14:24:41.051569Z","level":"error","event":"2026-09-21 14:24:41,051 INFO ingestion.validator Validation passed for customers: rows=5000 duplicates=0","logger":"task.stderr"}
{"timestamp":"2026-09-21T14:24:41.097401Z","level":"error","event":"2026-09-21 14:24:41,096 INFO ingestion Loaded skus: rows=200 columns=7","logger":"task.stderr"}
{"timestamp":"2026-09-21T14:24:41.105617Z","level":"error","event":"2026-09-21 14:24:41,105 INFO ingestion.validator Validation passed for skus: rows=200 duplicates=0","logger":"task.stderr"}
{"timestamp":"2026-09-21T14:24:41.147829Z","level":"error","event":"2026-09-21 14:24:41,147 INFO ingestion Loaded stores: rows=50 columns=5","logger":"task.stderr"}
{"timestamp":"2026-09-21T14:24:41.153818Z","level":"error","event":"2026-09-21 14:24:41,153 INFO ingestion.validator Validation passed for stores: rows=50 duplicates=0","logger":"task.stderr"}
{"timestamp":"2026-09-21T14:24:41.336024Z","level":"error","event":"2026-09-21 14:24:41,335 INFO ingestion Loaded inventory: rows=8735 columns=7","logger":"task.stderr"}
{"timestamp":"2026-09-21T14:24:41.352320Z","level":"error","event":"2026-09-21 14:24:41,351 INFO ingestion.validator Validation passed for inventory: rows=8735 duplicates=0","logger":"task.stderr"}
{"timestamp":"2026-09-21T14:24:41.399351Z","level":"error","event":"2026-09-21 14:24:41,398 INFO ingestion Loaded promotions: rows=33 columns=6","logger":"task.stderr"}
{"timestamp":"2026-09-21T14:24:41.404632Z","level":"error","event":"2026-09-21 14:24:41,404 INFO ingestion.validator Validation passed for promotions: rows=33 duplicates=0","logger":"task.stderr"}
{"timestamp":"2026-09-21T14:24:53.067162Z","level":"error","event":"2026-09-21 14:24:53,066 INFO ingestion Saved ingested sales: rows=641843 to /opt/airflow/project/data/processed/sales_ingested.csv","logger":"task.stderr"}
{"timestamp":"2026-09-21T14:24:53.142819Z","level":"error","event":"2026-09-21 14:24:53,142 INFO ingestion Saved ingested customers: rows=5000 to /opt/airflow/project/data/processed/customers_ingested.csv","logger":"task.stderr"}
{"timestamp":"2026-09-21T14:24:53.180121Z","level":"error","event":"2026-09-21 14:24:53,179 INFO ingestion Saved ingested skus: rows=200 to /opt/airflow/project/data/processed/skus_ingested.csv","logger":"task.stderr"}
{"timestamp":"2026-09-21T14:24:53.195877Z","level":"error","event":"2026-09-21 14:24:53,195 INFO ingestion Saved ingested stores: rows=50 to /opt/airflow/project/data/processed/stores_ingested.csv","logger":"task.stderr"}
{"timestamp":"2026-09-21T14:24:53.466747Z","level":"error","event":"2026-09-21 14:24:53,466 INFO ingestion Saved ingested inventory: rows=8735 to /opt/airflow/project/data/processed/inventory_ingested.csv","logger":"task.stderr"}
{"timestamp":"2026-09-21T14:24:53.485363Z","level":"error","event":"2026-09-21 14:24:53,484 INFO ingestion Saved ingested promotions: rows=33 to /opt/airflow/project/data/processed/promotions_ingested.csv","logger":"task.stderr"}
{"timestamp":"2026-09-21T14:24:53.491760Z","level":"error","event":"2026-09-21 14:24:53,485 INFO ingestion Ingestion completed successfully: datasets=6","logger":"task.stderr"}
{"timestamp":"2026-09-21T14:24:53.487672Z","level":"info","event":"Ingested row counts: {'sales': 641843, 'customers': 5000, 'skus': 200, 'stores': 50, 'inventory': 8735, 'promotions': 33}","logger":"unusual_prefix_e12a367cee5fbcb0484b2e6e8acbd6ba25ac5ab7_retail_sales_pipeline","try_number":1,"ti_id":"01a0c45a-8d50-7059-8ae7-6d13a127e3b0","map_index":-1,"task_id":"ingest_csv","run_id":"manual__2026-09-21T14:24:23.810035+00:00","dag_id":"retail_sales_pipeline","filename":"retail_sales_pipeline.py","lineno":66}
{"timestamp":"2026-09-21T14:24:53.491948Z","level":"info","event":"Done. Returned value was: {'row_counts': {'sales': 641843, 'customers': 5000, 'skus': 200, 'stores': 50, 'inventory': 8735, 'promotions': 33}, 'row_count': 641843}","try_number":1,"ti_id":"01a0c45a-8d50-7059-8ae7-6d13a127e3b0","map_index":-1,"task_id":"ingest_csv","run_id":"manual__2026-09-21T14:24:23.810035+00:00","dag_id":"retail_sales_pipeline","logger":"airflow.task.operators.airflow.providers.standard.decorators.python._PythonDecoratedOperator","filename":"python.py","lineno":233}
{"timestamp":"2026-09-21T14:24:53.492933Z","level":"info","event":"::group::Post Execute","try_number":1,"ti_id":"01a0c45a-8d50-7059-8ae7-6d13a127e3b0","map_index":-1,"task_id":"ingest_csv","run_id":"manual__2026-09-21T14:24:23.810035+00:00","dag_id":"retail_sales_pipeline","logger":"task","filename":"task_runner.py","lineno":1580}
{"timestamp":"2026-09-21T14:24:53.493913Z","level":"info","event":"Pushing xcom","ti":"RuntimeTaskInstance(id=UUID('01a0c45a-8d50-7059-8ae7-6d13a127e3b0'), task_id='ingest_csv', dag_id='retail_sales_pipeline', run_id='manual__2026-09-21T14:24:23.810035+00:00', try_number=1, dag_version_id=UUID('01a0c2b5-8ba0-7e8a-88cb-5be568b50a34'), map_index=-1, hostname='6b8b6afebff3', context_carrier={'traceparent': '00-9a1dceecd51e41cc23614e378e805792-06f470e3afbe7482-00'}, queue='default', task=<Task(_PythonDecoratedOperator): ingest_csv>, bundle_instance=LocalDagBundle(name=dags-folder), max_tries=2, start_date=datetime.datetime(2026, 9, 21, 14, 24, 33, 645372, tzinfo=datetime.timezone.utc), end_date=None, state=<TaskInstanceState.RUNNING: 'running'>, is_mapped=False, rendered_map_index=None, sentry_integration='')","try_number":1,"ti_id":"01a0c45a-8d50-7059-8ae7-6d13a127e3b0","map_index":-1,"task_id":"ingest_csv","run_id":"manual__2026-09-21T14:24:23.810035+00:00","dag_id":"retail_sales_pipeline","logger":"task","filename":"task_runner.py","lineno":2280}
{"timestamp":"2026-09-21T14:24:53.730539Z","level":"info","event":"::endgroup::","try_number":1,"ti_id":"01a0c45a-8d50-7059-8ae7-6d13a127e3b0","map_index":-1,"task_id":"ingest_csv","run_id":"manual__2026-09-21T14:24:23.810035+00:00","dag_id":"retail_sales_pipeline","logger":"task","filename":"task_runner.py","lineno":2379}
