{"timestamp":"2026-09-21T19:15:46.818377Z","level":"info","event":"::group::Pre Execute","logger":"task","filename":"task_runner.py","lineno":2412}
{"timestamp":"2026-09-21T19:15:46.882759Z","level":"info","event":"DAG bundles loaded: dags-folder","map_index":-1,"dag_id":"retail_sales_pipeline","ti_id":"01a0c564-fdbc-76c8-8fe8-175019e9f60c","run_id":"manual__2026-09-21T14:47:11.023464+00:00","try_number":4,"task_id":"transform_data","logger":"airflow.dag_processing.bundles.manager.DagBundlesManager","filename":"manager.py","lineno":304}
{"timestamp":"2026-09-21T19:15:46.891895Z","level":"info","event":"Filling up the DagBag from /opt/airflow/dags/retail_sales_pipeline.py","map_index":-1,"dag_id":"retail_sales_pipeline","ti_id":"01a0c564-fdbc-76c8-8fe8-175019e9f60c","run_id":"manual__2026-09-21T14:47:11.023464+00:00","try_number":4,"task_id":"transform_data","logger":"airflow.dag_processing.dagbag.BundleDagBag","filename":"dagbag.py","lineno":460}
{"timestamp":"2026-09-21T19:15:47.015722Z","level":"info","event":"Worker startup parse complete","bundle_name":"dags-folder","bundle_version":null,"dag_file":"retail_sales_pipeline.py","dag_id":"retail_sales_pipeline","bundle_prepare_ms":7,"dag_file_parse_ms":127,"map_index":-1,"ti_id":"01a0c564-fdbc-76c8-8fe8-175019e9f60c","run_id":"manual__2026-09-21T14:47:11.023464+00:00","try_number":4,"task_id":"transform_data","logger":"task","filename":"task_runner.py","lineno":1073}
{"timestamp":"2026-09-21T19:15:47.187685Z","level":"info","event":"::endgroup::","map_index":-1,"dag_id":"retail_sales_pipeline","ti_id":"01a0c564-fdbc-76c8-8fe8-175019e9f60c","run_id":"manual__2026-09-21T14:47:11.023464+00:00","try_number":4,"task_id":"transform_data","logger":"task","filename":"task_runner.py","lineno":2232}
{"timestamp":"2026-09-21T19:15:48.275073Z","level":"info","event":"2026-09-21 19:15:48  INFO      Retail Sales Transformation Pipeline — starting","logger":"task.stdout"}
{"timestamp":"2026-09-21T19:15:48.276632Z","level":"info","event":"2026-09-21 19:15:48  INFO      Input  : /opt/airflow/project/data/processed","logger":"task.stdout"}
{"timestamp":"2026-09-21T19:15:48.280730Z","level":"info","event":"2026-09-21 19:15:48  INFO      Output : /opt/airflow/project/data/transformed","logger":"task.stdout"}
{"timestamp":"2026-09-21T19:15:50.395740Z","level":"info","event":"2026-09-21 19:15:50  INFO      Loaded sales        — 641843 rows, 9 columns","logger":"task.stdout"}
{"timestamp":"2026-09-21T19:15:50.430625Z","level":"info","event":"2026-09-21 19:15:50  INFO      Loaded customers    — 5000 rows, 7 columns","logger":"task.stdout"}
{"timestamp":"2026-09-21T19:15:50.493780Z","level":"info","event":"2026-09-21 19:15:50  INFO      Loaded inventory    — 8735 rows, 7 columns","logger":"task.stdout"}
{"timestamp":"2026-09-21T19:15:50.509680Z","level":"info","event":"2026-09-21 19:15:50  INFO      Loaded promotions   — 33 rows, 6 columns","logger":"task.stdout"}
{"timestamp":"2026-09-21T19:15:50.521008Z","level":"info","event":"2026-09-21 19:15:50  INFO      Loaded skus         — 200 rows, 7 columns","logger":"task.stdout"}
{"timestamp":"2026-09-21T19:15:50.535822Z","level":"info","event":"2026-09-21 19:15:50  INFO      Loaded stores       — 50 rows, 5 columns","logger":"task.stdout"}
{"timestamp":"2026-09-21T19:15:50.537901Z","level":"info","event":"2026-09-21 19:15:50  INFO      Transforming sales ...","logger":"task.stdout"}
{"timestamp":"2026-09-21T19:15:51.200104Z","level":"info","event":"2026-09-21 19:15:51  INFO        Duplicate rows removed: 45  (rows remaining: 641798)","logger":"task.stdout"}
{"timestamp":"2026-09-21T19:15:51.575636Z","level":"info","event":"2026-09-21 19:15:51  INFO        NULL customer_id preserved: 159777","logger":"task.stdout"}
{"timestamp":"2026-09-21T19:15:51.577201Z","level":"info","event":"2026-09-21 19:15:51  INFO      Transforming customers ...","logger":"task.stdout"}
{"timestamp":"2026-09-21T19:15:51.596558Z","level":"info","event":"2026-09-21 19:15:51  INFO      Transforming inventory ...","logger":"task.stdout"}
{"timestamp":"2026-09-21T19:15:51.620978Z","level":"info","event":"2026-09-21 19:15:51  INFO      Transforming promotions ...","logger":"task.stdout"}
{"timestamp":"2026-09-21T19:15:51.629661Z","level":"info","event":"2026-09-21 19:15:51  INFO      Transforming SKUs ...","logger":"task.stdout"}
{"timestamp":"2026-09-21T19:15:51.645742Z","level":"info","event":"2026-09-21 19:15:51  INFO      Transforming stores ...","logger":"task.stdout"}
{"timestamp":"2026-09-21T19:15:51.659864Z","level":"info","event":"2026-09-21 19:15:51  INFO      Sales duplicate rows removed: 45","logger":"task.stdout"}
{"timestamp":"2026-09-21T19:16:00.233001Z","level":"info","event":"2026-09-21 19:16:00  INFO      Saved sales        -> /opt/airflow/project/data/transformed/sales_transformed.csv  (641798 rows)","logger":"task.stdout"}
{"timestamp":"2026-09-21T19:16:00.319269Z","level":"info","event":"2026-09-21 19:16:00  INFO      Saved customers    -> /opt/airflow/project/data/transformed/customers_transformed.csv  (5000 rows)","logger":"task.stdout"}
{"timestamp":"2026-09-21T19:16:00.510187Z","level":"info","event":"2026-09-21 19:16:00  INFO      Saved inventory    -> /opt/airflow/project/data/transformed/inventory_transformed.csv  (8735 rows)","logger":"task.stdout"}
{"timestamp":"2026-09-21T19:16:00.532776Z","level":"info","event":"2026-09-21 19:16:00  INFO      Saved promotions   -> /opt/airflow/project/data/transformed/promotions_transformed.csv  (33 rows)","logger":"task.stdout"}
{"timestamp":"2026-09-21T19:16:00.567308Z","level":"info","event":"2026-09-21 19:16:00  INFO      Saved skus         -> /opt/airflow/project/data/transformed/skus_transformed.csv  (200 rows)","logger":"task.stdout"}
{"timestamp":"2026-09-21T19:16:00.596402Z","level":"info","event":"2026-09-21 19:16:00  INFO      Saved stores       -> /opt/airflow/project/data/transformed/stores_transformed.csv  (50 rows)","logger":"task.stdout"}
{"timestamp":"2026-09-21T19:16:00.598883Z","level":"info","event":"2026-09-21 19:16:00  INFO      Validating transformed outputs ...","logger":"task.stdout"}
{"timestamp":"2026-09-21T19:16:01.055752Z","level":"info","event":"2026-09-21 19:16:01  INFO      ============================================================","logger":"task.stdout"}
{"timestamp":"2026-09-21T19:16:01.057063Z","level":"info","event":"2026-09-21 19:16:01  INFO      VALIDATION SUMMARY","logger":"task.stdout"}
{"timestamp":"2026-09-21T19:16:01.058424Z","level":"info","event":"2026-09-21 19:16:01  INFO      ============================================================","logger":"task.stdout"}
{"timestamp":"2026-09-21T19:16:01.061248Z","level":"info","event":"2026-09-21 19:16:01  INFO        SALES:","logger":"task.stdout"}
{"timestamp":"2026-09-21T19:16:01.063515Z","level":"info","event":"2026-09-21 19:16:01  INFO          Rows in / out : 641843 / 641798","logger":"task.stdout"}
{"timestamp":"2026-09-21T19:16:01.065007Z","level":"info","event":"2026-09-21 19:16:01  INFO          Duplicates    : 0","logger":"task.stdout"}
{"timestamp":"2026-09-21T19:16:01.066948Z","level":"info","event":"2026-09-21 19:16:01  INFO          Nulls present : {'customer_id': 159777}","logger":"task.stdout"}
{"timestamp":"2026-09-21T19:16:01.068504Z","level":"info","event":"2026-09-21 19:16:01  INFO          NULL customer_id preserved  : True  (159777 rows)","logger":"task.stdout"}
{"timestamp":"2026-09-21T19:16:01.069703Z","level":"info","event":"2026-09-21 19:16:01  INFO          total_value consistent      : True","logger":"task.stdout"}
{"timestamp":"2026-09-21T19:16:01.071167Z","level":"info","event":"2026-09-21 19:16:01  INFO          Referential integrity OK    : True","logger":"task.stdout"}
{"timestamp":"2026-09-21T19:16:01.072870Z","level":"info","event":"2026-09-21 19:16:01  INFO          Negative quantity           : 0","logger":"task.stdout"}
{"timestamp":"2026-09-21T19:16:01.074729Z","level":"info","event":"2026-09-21 19:16:01  INFO          Invalid discount_pct        : 0","logger":"task.stdout"}
{"timestamp":"2026-09-21T19:16:01.076756Z","level":"info","event":"2026-09-21 19:16:01  INFO        CUSTOMERS:","logger":"task.stdout"}
{"timestamp":"2026-09-21T19:16:01.078442Z","level":"info","event":"2026-09-21 19:16:01  INFO          Rows in / out : 5000 / 5000","logger":"task.stdout"}
{"timestamp":"2026-09-21T19:16:01.079822Z","level":"info","event":"2026-09-21 19:16:01  INFO          Duplicates    : 0","logger":"task.stdout"}
{"timestamp":"2026-09-21T19:16:01.081173Z","level":"info","event":"2026-09-21 19:16:01  INFO          Nulls present : none","logger":"task.stdout"}
{"timestamp":"2026-09-21T19:16:01.082506Z","level":"info","event":"2026-09-21 19:16:01  INFO        INVENTORY:","logger":"task.stdout"}
{"timestamp":"2026-09-21T19:16:01.084568Z","level":"info","event":"2026-09-21 19:16:01  INFO          Rows in / out : 8735 / 8735","logger":"task.stdout"}
{"timestamp":"2026-09-21T19:16:01.086016Z","level":"info","event":"2026-09-21 19:16:01  INFO          Duplicates    : 0","logger":"task.stdout"}
{"timestamp":"2026-09-21T19:16:01.087871Z","level":"info","event":"2026-09-21 19:16:01  INFO          Nulls present : none","logger":"task.stdout"}
{"timestamp":"2026-09-21T19:16:01.093193Z","level":"info","event":"2026-09-21 19:16:01  INFO        PROMOTIONS:","logger":"task.stdout"}
{"timestamp":"2026-09-21T19:16:01.094440Z","level":"info","event":"2026-09-21 19:16:01  INFO          Rows in / out : 33 / 33","logger":"task.stdout"}
{"timestamp":"2026-09-21T19:16:01.096863Z","level":"info","event":"2026-09-21 19:16:01  INFO          Duplicates    : 0","logger":"task.stdout"}
{"timestamp":"2026-09-21T19:16:01.099583Z","level":"info","event":"2026-09-21 19:16:01  INFO          Nulls present : none","logger":"task.stdout"}
{"timestamp":"2026-09-21T19:16:01.101364Z","level":"info","event":"2026-09-21 19:16:01  INFO        SKUS:","logger":"task.stdout"}
{"timestamp":"2026-09-21T19:16:01.102655Z","level":"info","event":"2026-09-21 19:16:01  INFO          Rows in / out : 200 / 200","logger":"task.stdout"}
{"timestamp":"2026-09-21T19:16:01.104220Z","level":"info","event":"2026-09-21 19:16:01  INFO          Duplicates    : 0","logger":"task.stdout"}
{"timestamp":"2026-09-21T19:16:01.106244Z","level":"info","event":"2026-09-21 19:16:01  INFO          Nulls present : none","logger":"task.stdout"}
{"timestamp":"2026-09-21T19:16:01.108980Z","level":"info","event":"2026-09-21 19:16:01  INFO        STORES:","logger":"task.stdout"}
{"timestamp":"2026-09-21T19:16:01.111840Z","level":"info","event":"2026-09-21 19:16:01  INFO          Rows in / out : 50 / 50","logger":"task.stdout"}
{"timestamp":"2026-09-21T19:16:01.113229Z","level":"info","event":"2026-09-21 19:16:01  INFO          Duplicates    : 0","logger":"task.stdout"}
{"timestamp":"2026-09-21T19:16:01.114320Z","level":"info","event":"2026-09-21 19:16:01  INFO          Nulls present : none","logger":"task.stdout"}
{"timestamp":"2026-09-21T19:16:01.115415Z","level":"info","event":"2026-09-21 19:16:01  INFO      ============================================================","logger":"task.stdout"}
{"timestamp":"2026-09-21T19:16:01.117026Z","level":"info","event":"2026-09-21 19:16:01  INFO      Transformation pipeline completed successfully.","logger":"task.stdout"}
{"timestamp":"2026-09-21T19:16:01.067542Z","level":"info","event":"Transformation validation report: {'sales': {'rows_in': 641843, 'rows_out': 641798, 'columns': ['date', 'store_id', 'sku_id', 'customer_id', 'quantity', 'unit_price', 'total_value', 'channel', 'discount_pct'], 'duplicates': 0, 'null_counts': {'date': 0, 'store_id': 0, 'sku_id': 0, 'customer_id': 159777, 'quantity': 0, 'unit_price': 0, 'total_value': 0, 'channel': 0, 'discount_pct': 0}, 'sales_duplicates_zero': True, 'null_customer_id_count': 159777, 'null_customer_id_preserved': True, 'total_value_mismatches': 0, 'total_value_consistent': True, 'invalid_customer_ids': 0, 'invalid_sku_ids': 0, 'invalid_store_ids': 0, 'referential_integrity_ok': True, 'negative_quantity': 0, 'negative_unit_price': 0, 'negative_total_value': 0, 'invalid_discount_pct': 0}, 'customers': {'rows_in': 5000, 'rows_out': 5000, 'columns': ['cust_id', 'age', 'gender', 'city', 'loyalty_segment', 'preferred_channel', 'registration_date'], 'duplicates': 0, 'null_counts': {'cust_id': 0, 'age': 0, 'gender': 0, 'city': 0, 'loyalty_segment': 0, 'preferred_channel': 0, 'registration_date': 0}}, 'inventory': {'rows_in': 8735, 'rows_out': 8735, 'columns': ['store_id', 'sku_id', 'stock_on_hand', 'reorder_point', 'safety_stock', 'last_restock_date', 'snapshot_date'], 'duplicates': 0, 'null_counts': {'store_id': 0, 'sku_id': 0, 'stock_on_hand': 0, 'reorder_point': 0, 'safety_stock': 0, 'last_restock_date': 0, 'snapshot_date': 0}}, 'promotions': {'rows_in': 33, 'rows_out': 33, 'columns': ['promo_name', 'start_date', 'end_date', 'discount_pct', 'promo_type', 'promo_id'], 'duplicates': 0, 'null_counts': {'promo_name': 0, 'start_date': 0, 'end_date': 0, 'discount_pct': 0, 'promo_type': 0, 'promo_id': 0}}, 'skus': {'rows_in': 200, 'rows_out': 200, 'columns': ['sku_id', 'sku_name', 'category', 'subcategory', 'unit_price', 'cost_price', 'brand'], 'duplicates': 0, 'null_counts': {'sku_id': 0, 'sku_name': 0, 'category': 0, 'subcategory': 0, 'unit_price': 0, 'cost_price': 0, 'brand': 0}}, 'stores': {'rows_in': 50, 'rows_out': 50, 'columns': ['store_id', 'store_name', 'city', 'store_type', 'opening_date'], 'duplicates': 0, 'null_counts': {'store_id': 0, 'store_name': 0, 'city': 0, 'store_type': 0, 'opening_date': 0}}}","logger":"unusual_prefix_e12a367cee5fbcb0484b2e6e8acbd6ba25ac5ab7_retail_sales_pipeline","map_index":-1,"dag_id":"retail_sales_pipeline","ti_id":"01a0c564-fdbc-76c8-8fe8-175019e9f60c","run_id":"manual__2026-09-21T14:47:11.023464+00:00","try_number":4,"task_id":"transform_data","filename":"retail_sales_pipeline.py","lineno":97}
{"timestamp":"2026-09-21T19:16:01.070071Z","level":"info","event":"Done. Returned value was: {'transformed': True, 'report': {'sales': {'rows_in': 641843, 'rows_out': 641798, 'columns': ['date', 'store_id', 'sku_id', 'customer_id', 'quantity', 'unit_price', 'total_value', 'channel', 'discount_pct'], 'duplicates': 0, 'null_counts': {'date': 0, 'store_id': 0, 'sku_id': 0, 'customer_id': 159777, 'quantity': 0, 'unit_price': 0, 'total_value': 0, 'channel': 0, 'discount_pct': 0}, 'sales_duplicates_zero': True, 'null_customer_id_count': 159777, 'null_customer_id_preserved': True, 'total_value_mismatches': 0, 'total_value_consistent': True, 'invalid_customer_ids': 0, 'invalid_sku_ids': 0, 'invalid_store_ids': 0, 'referential_integrity_ok': True, 'negative_quantity': 0, 'negative_unit_price': 0, 'negative_total_value': 0, 'invalid_discount_pct': 0}, 'customers': {'rows_in': 5000, 'rows_out': 5000, 'columns': ['cust_id', 'age', 'gender', 'city', 'loyalty_segment', 'preferred_channel', 'registration_date'], 'duplicates': 0, 'null_counts': {'cust_id': 0, 'age': 0, 'gender': 0, 'city': 0, 'loyalty_segment': 0, 'preferred_channel': 0, 'registration_date': 0}}, 'inventory': {'rows_in': 8735, 'rows_out': 8735, 'columns': ['store_id', 'sku_id', 'stock_on_hand', 'reorder_point', 'safety_stock', 'last_restock_date', 'snapshot_date'], 'duplicates': 0, 'null_counts': {'store_id': 0, 'sku_id': 0, 'stock_on_hand': 0, 'reorder_point': 0, 'safety_stock': 0, 'last_restock_date': 0, 'snapshot_date': 0}}, 'promotions': {'rows_in': 33, 'rows_out': 33, 'columns': ['promo_name', 'start_date', 'end_date', 'discount_pct', 'promo_type', 'promo_id'], 'duplicates': 0, 'null_counts': {'promo_name': 0, 'start_date': 0, 'end_date': 0, 'discount_pct': 0, 'promo_type': 0, 'promo_id': 0}}, 'skus': {'rows_in': 200, 'rows_out': 200, 'columns': ['sku_id', 'sku_name', 'category', 'subcategory', 'unit_price', 'cost_price', 'brand'], 'duplicates': 0, 'null_counts': {'sku_id': 0, 'sku_name': 0, 'category': 0, 'subcategory': 0, 'unit_price': 0, 'cost_price': 0, 'brand': 0}}, 'stores': {'rows_in': 50, 'rows_out': 50, 'columns': ['store_id', 'store_name', 'city', 'store_type', 'opening_date'], 'duplicates': 0, 'null_counts': {'store_id': 0, 'store_name': 0, 'city': 0, 'store_type': 0, 'opening_date': 0}}}}","map_index":-1,"dag_id":"retail_sales_pipeline","ti_id":"01a0c564-fdbc-76c8-8fe8-175019e9f60c","run_id":"manual__2026-09-21T14:47:11.023464+00:00","try_number":4,"task_id":"transform_data","logger":"airflow.task.operators.airflow.providers.standard.decorators.python._PythonDecoratedOperator","filename":"python.py","lineno":233}
{"timestamp":"2026-09-21T19:16:01.070653Z","level":"info","event":"::group::Post Execute","map_index":-1,"dag_id":"retail_sales_pipeline","ti_id":"01a0c564-fdbc-76c8-8fe8-175019e9f60c","run_id":"manual__2026-09-21T14:47:11.023464+00:00","try_number":4,"task_id":"transform_data","logger":"task","filename":"task_runner.py","lineno":1580}
{"timestamp":"2026-09-21T19:16:01.071382Z","level":"info","event":"Pushing xcom","ti":"RuntimeTaskInstance(id=UUID('01a0c564-fdbc-76c8-8fe8-175019e9f60c'), task_id='transform_data', dag_id='retail_sales_pipeline', run_id='manual__2026-09-21T14:47:11.023464+00:00', try_number=4, dag_version_id=UUID('01a0c460-b3b8-7164-9ed1-b2095beb1016'), map_index=-1, hostname='6b8b6afebff3', context_carrier={'traceparent': '00-b14e75901fd14b5691b4e7ba0e6a9ff5-1fcb413919c40e5c-00'}, queue='default', task=<Task(_PythonDecoratedOperator): transform_data>, bundle_instance=LocalDagBundle(name=dags-folder), max_tries=5, start_date=datetime.datetime(2026, 9, 21, 19, 15, 46, 854858, tzinfo=datetime.timezone.utc), end_date=None, state=<TaskInstanceState.RUNNING: 'running'>, is_mapped=False, rendered_map_index=None, sentry_integration='')","map_index":-1,"dag_id":"retail_sales_pipeline","ti_id":"01a0c564-fdbc-76c8-8fe8-175019e9f60c","run_id":"manual__2026-09-21T14:47:11.023464+00:00","try_number":4,"task_id":"transform_data","logger":"task","filename":"task_runner.py","lineno":2280}
{"timestamp":"2026-09-21T19:16:01.265236Z","level":"info","event":"::endgroup::","map_index":-1,"dag_id":"retail_sales_pipeline","ti_id":"01a0c564-fdbc-76c8-8fe8-175019e9f60c","run_id":"manual__2026-09-21T14:47:11.023464+00:00","try_number":4,"task_id":"transform_data","logger":"task","filename":"task_runner.py","lineno":2379}
