{"timestamp":"2026-09-21T14:47:12.005087Z","level":"info","event":"::group::Pre Execute","logger":"task","filename":"task_runner.py","lineno":2412}
{"timestamp":"2026-09-21T14:47:19.053988Z","level":"info","event":"DAG bundles loaded: dags-folder","map_index":-1,"dag_id":"retail_sales_pipeline","ti_id":"01a0c46f-69fb-72c8-9ce1-19608f3eb6d2","try_number":1,"task_id":"ingest_csv","run_id":"manual__2026-09-21T14:47:11.023464+00:00","logger":"airflow.dag_processing.bundles.manager.DagBundlesManager","filename":"manager.py","lineno":304}
{"timestamp":"2026-09-21T14:47:19.056303Z","level":"info","event":"Filling up the DagBag from /opt/airflow/dags/retail_sales_pipeline.py","map_index":-1,"dag_id":"retail_sales_pipeline","ti_id":"01a0c46f-69fb-72c8-9ce1-19608f3eb6d2","try_number":1,"task_id":"ingest_csv","run_id":"manual__2026-09-21T14:47:11.023464+00:00","logger":"airflow.dag_processing.dagbag.BundleDagBag","filename":"dagbag.py","lineno":460}
{"timestamp":"2026-09-21T14:47:19.150128Z","level":"info","event":"Worker startup parse complete","bundle_name":"dags-folder","bundle_version":null,"dag_file":"retail_sales_pipeline.py","dag_id":"retail_sales_pipeline","bundle_prepare_ms":4,"dag_file_parse_ms":94,"map_index":-1,"ti_id":"01a0c46f-69fb-72c8-9ce1-19608f3eb6d2","try_number":1,"task_id":"ingest_csv","run_id":"manual__2026-09-21T14:47:11.023464+00:00","logger":"task","filename":"task_runner.py","lineno":1073}
{"timestamp":"2026-09-21T14:47:19.204190Z","level":"info","event":"::endgroup::","map_index":-1,"dag_id":"retail_sales_pipeline","ti_id":"01a0c46f-69fb-72c8-9ce1-19608f3eb6d2","try_number":1,"task_id":"ingest_csv","run_id":"manual__2026-09-21T14:47:11.023464+00:00","logger":"task","filename":"task_runner.py","lineno":2232}
{"timestamp":"2026-09-21T14:47:20.778213Z","level":"error","event":"2026-09-21 14:47:20,777 INFO ingestion Starting ingestion from /opt/airflow/project/data/raw","logger":"task.stderr"}
{"timestamp":"2026-09-21T14:47:22.084408Z","level":"error","event":"2026-09-21 14:47:22,084 INFO ingestion Loaded sales: rows=641843 columns=9","logger":"task.stderr"}
{"timestamp":"2026-09-21T14:47:22.416159Z","level":"error","event":"2026-09-21 14:47:22,415 INFO ingestion.validator Validation passed for sales: rows=641843 duplicates=45","logger":"task.stderr"}
{"timestamp":"2026-09-21T14:47:22.452631Z","level":"error","event":"2026-09-21 14:47:22,452 INFO ingestion Loaded customers: rows=5000 columns=7","logger":"task.stderr"}
{"timestamp":"2026-09-21T14:47:22.462058Z","level":"error","event":"2026-09-21 14:47:22,459 INFO ingestion.validator Validation passed for customers: rows=5000 duplicates=0","logger":"task.stderr"}
{"timestamp":"2026-09-21T14:47:22.474021Z","level":"error","event":"2026-09-21 14:47:22,473 INFO ingestion Loaded skus: rows=200 columns=7","logger":"task.stderr"}
{"timestamp":"2026-09-21T14:47:22.478995Z","level":"error","event":"2026-09-21 14:47:22,478 INFO ingestion.validator Validation passed for skus: rows=200 duplicates=0","logger":"task.stderr"}
{"timestamp":"2026-09-21T14:47:22.492952Z","level":"error","event":"2026-09-21 14:47:22,492 INFO ingestion Loaded stores: rows=50 columns=5","logger":"task.stderr"}
{"timestamp":"2026-09-21T14:47:22.503137Z","level":"error","event":"2026-09-21 14:47:22,496 INFO ingestion.validator Validation passed for stores: rows=50 duplicates=0","logger":"task.stderr"}
{"timestamp":"2026-09-21T14:47:22.545782Z","level":"error","event":"2026-09-21 14:47:22,545 INFO ingestion Loaded inventory: rows=8735 columns=7","logger":"task.stderr"}
{"timestamp":"2026-09-21T14:47:22.555072Z","level":"error","event":"2026-09-21 14:47:22,551 INFO ingestion.validator Validation passed for inventory: rows=8735 duplicates=0","logger":"task.stderr"}
{"timestamp":"2026-09-21T14:47:22.568006Z","level":"error","event":"2026-09-21 14:47:22,567 INFO ingestion Loaded promotions: rows=33 columns=6","logger":"task.stderr"}
{"timestamp":"2026-09-21T14:47:22.573658Z","level":"error","event":"2026-09-21 14:47:22,573 INFO ingestion.validator Validation passed for promotions: rows=33 duplicates=0","logger":"task.stderr"}
{"timestamp":"2026-09-21T14:47:29.571327Z","level":"error","event":"2026-09-21 14:47:29,570 INFO ingestion Saved ingested sales: rows=641843 to /opt/airflow/project/data/processed/sales_ingested.csv","logger":"task.stderr"}
{"timestamp":"2026-09-21T14:47:29.641363Z","level":"error","event":"2026-09-21 14:47:29,641 INFO ingestion Saved ingested customers: rows=5000 to /opt/airflow/project/data/processed/customers_ingested.csv","logger":"task.stderr"}
{"timestamp":"2026-09-21T14:47:29.654467Z","level":"error","event":"2026-09-21 14:47:29,654 INFO ingestion Saved ingested skus: rows=200 to /opt/airflow/project/data/processed/skus_ingested.csv","logger":"task.stderr"}
{"timestamp":"2026-09-21T14:47:29.673003Z","level":"error","event":"2026-09-21 14:47:29,672 INFO ingestion Saved ingested stores: rows=50 to /opt/airflow/project/data/processed/stores_ingested.csv","logger":"task.stderr"}
{"timestamp":"2026-09-21T14:47:29.759675Z","level":"error","event":"2026-09-21 14:47:29,759 INFO ingestion Saved ingested inventory: rows=8735 to /opt/airflow/project/data/processed/inventory_ingested.csv","logger":"task.stderr"}
{"timestamp":"2026-09-21T14:47:29.766603Z","level":"error","event":"2026-09-21 14:47:29,766 INFO ingestion Saved ingested promotions: rows=33 to /opt/airflow/project/data/processed/promotions_ingested.csv","logger":"task.stderr"}
{"timestamp":"2026-09-21T14:47:29.767831Z","level":"error","event":"2026-09-21 14:47:29,766 INFO ingestion Ingestion completed successfully: datasets=6","logger":"task.stderr"}
{"timestamp":"2026-09-21T14:47:29.767813Z","level":"info","event":"Ingested row counts: {'sales': 641843, 'customers': 5000, 'skus': 200, 'stores': 50, 'inventory': 8735, 'promotions': 33}","logger":"unusual_prefix_e12a367cee5fbcb0484b2e6e8acbd6ba25ac5ab7_retail_sales_pipeline","map_index":-1,"dag_id":"retail_sales_pipeline","ti_id":"01a0c46f-69fb-72c8-9ce1-19608f3eb6d2","try_number":1,"task_id":"ingest_csv","run_id":"manual__2026-09-21T14:47:11.023464+00:00","filename":"retail_sales_pipeline.py","lineno":66}
{"timestamp":"2026-09-21T14:47:29.773871Z","level":"info","event":"Done. Returned value was: {'row_counts': {'sales': 641843, 'customers': 5000, 'skus': 200, 'stores': 50, 'inventory': 8735, 'promotions': 33}, 'row_count': 641843}","map_index":-1,"dag_id":"retail_sales_pipeline","ti_id":"01a0c46f-69fb-72c8-9ce1-19608f3eb6d2","try_number":1,"task_id":"ingest_csv","run_id":"manual__2026-09-21T14:47:11.023464+00:00","logger":"airflow.task.operators.airflow.providers.standard.decorators.python._PythonDecoratedOperator","filename":"python.py","lineno":233}
{"timestamp":"2026-09-21T14:47:29.777383Z","level":"info","event":"::group::Post Execute","map_index":-1,"dag_id":"retail_sales_pipeline","ti_id":"01a0c46f-69fb-72c8-9ce1-19608f3eb6d2","try_number":1,"task_id":"ingest_csv","run_id":"manual__2026-09-21T14:47:11.023464+00:00","logger":"task","filename":"task_runner.py","lineno":1580}
{"timestamp":"2026-09-21T14:47:29.777700Z","level":"info","event":"Pushing xcom","ti":"RuntimeTaskInstance(id=UUID('01a0c46f-69fb-72c8-9ce1-19608f3eb6d2'), task_id='ingest_csv', dag_id='retail_sales_pipeline', run_id='manual__2026-09-21T14:47:11.023464+00:00', try_number=1, dag_version_id=UUID('01a0c460-b3b8-7164-9ed1-b2095beb1016'), map_index=-1, hostname='6b8b6afebff3', context_carrier={'traceparent': '00-b397322f91e41263afbfd5d62bbdeaed-a3ca912e95deb143-00'}, queue='default', task=<Task(_PythonDecoratedOperator): ingest_csv>, bundle_instance=LocalDagBundle(name=dags-folder), max_tries=2, start_date=datetime.datetime(2026, 9, 21, 14, 47, 19, 35550, tzinfo=datetime.timezone.utc), end_date=None, state=<TaskInstanceState.RUNNING: 'running'>, is_mapped=False, rendered_map_index=None, sentry_integration='')","map_index":-1,"dag_id":"retail_sales_pipeline","ti_id":"01a0c46f-69fb-72c8-9ce1-19608f3eb6d2","try_number":1,"task_id":"ingest_csv","run_id":"manual__2026-09-21T14:47:11.023464+00:00","logger":"task","filename":"task_runner.py","lineno":2280}
{"timestamp":"2026-09-21T14:47:29.958305Z","level":"info","event":"::endgroup::","map_index":-1,"dag_id":"retail_sales_pipeline","ti_id":"01a0c46f-69fb-72c8-9ce1-19608f3eb6d2","try_number":1,"task_id":"ingest_csv","run_id":"manual__2026-09-21T14:47:11.023464+00:00","logger":"task","filename":"task_runner.py","lineno":2379}
